Roles

	Administrator
	UserAnonim

UserStories


	S1
		As Administrator I want to see the list of routes 

	S2
		As Administrator I want to add/update routes 
		
	S3 	
		As UserAnonim I want to view the routes

	S4	
		As UserAnonim I want to search the routes

Some notes 
another commit

oni@EN410319 MINGW64 /e/projects/tekwill/src/tekwill_oca (master)
$ cd lesson1/

vdoni@EN410319 MINGW64 /e/projects/tekwill/src/tekwill_oca/lesson1 (master)
$ pwd
/e/projects/tekwill/src/tekwill_oca/lesson1

vdoni@EN410319 MINGW64 /e/projects/tekwill/src/tekwill_oca/lesson1 (master)
$ git status
On branch master
Your branch is up-to-date with 'origin/master'.

Changes not staged for commit:
  (use "git add <file>..." to update what will be committed)
  (use "git checkout -- <file>..." to discard changes in working directory)

        modified:   ProjectTransportPublic.txt

Untracked files:
  (use "git add <file>..." to include in what will be committed)

        ../.gitignore

no changes added to commit (use "git add" and/or "git commit -a")

vdoni@EN410319 MINGW64 /e/projects/tekwill/src/tekwill_oca/lesson1 (master)
$ cd ..

vdoni@EN410319 MINGW64 /e/projects/tekwill/src/tekwill_oca (master)
$ git add .
warning: LF will be replaced by CRLF in .gitignore.
The file will have its original line endings in your working directory.

vdoni@EN410319 MINGW64 /e/projects/tekwill/src/tekwill_oca (master)
$ git commit -am "lesson1 commit"
[master 6fbd3c3] lesson1 commit
 2 files changed, 3 insertions(+), 1 deletion(-)
 create mode 100644 .gitignore

vdoni@EN410319 MINGW64 /e/projects/tekwill/src/tekwill_oca (master)
$ git push
fatal: HttpRequestException encountered.
   An error occurred while sending the request.
Username for 'https://github.com': DonVit
Counting objects: 5, done.
Delta compression using up to 4 threads.
Compressing objects: 100% (4/4), done.
Writing objects: 100% (5/5), 493 bytes | 493.00 KiB/s, done.
Total 5 (delta 1), reused 0 (delta 0)
remote: Resolving deltas: 100% (1/1), completed with 1 local object.
To https://github.com/DonVit/tekwill_oca.git
   7e38501..6fbd3c3  master -> master

vdoni@EN410319 MINGW64 /e/projects/tekwill/src/tekwill_oca (master)
$ git commit -a
[master 5ee9867] al 2lea commit pentru lectia 2
 1 file changed, 1 insertion(+)

vdoni@EN410319 MINGW64 /e/projects/tekwill/src/tekwill_oca (master)
$ git add .